=================================================
   LRE Tiger Compiler 1.95.a: ./test-suite.log
=================================================

# TOTAL: 17
# PASS:  16
# SKIP:  0
# XFAIL: 0
# FAIL:  1
# XPASS: 0
# ERROR: 0

.. contents:: :depth: 2

FAIL: src/bind/test-bind
========================

function _main /* 0x4f3d60 */() = 
  (a /* 0 */; ())

error-->:1.20-21: undeclared variable: a

function _main /* 0x4f3d60 */() = 
  (let
      var a /* 0x4e6c70 */ := 0
    in
      (a /* 0x4e6c70 */)
    end; ())

function _main /* 0x4f3de0 */() = 
  (let
      var a /* 0x5033d0 */ := 0
    in
      (let
          var a /* 0x4e6a10 */ := a /* 0x5033d0 */
        in
          (a /* 0x4e6a10 */)
        end; a /* 0x5033d0 */)
    end; ())

function _main /* 0x5017a0 */() = 
  (let
      function f /* 0x4f3d60 */(var a /* 0x502400 */ : int /* 0 */, var b /* 0x501da0 */ : string /* 0 */) : int /* 0 */ = 
        a /* 0x502400 */
      
    in
      (5)
    end; ())

function _main /* 0x4f3de0 */() = 
  (let
      function f /* 0x4eda20 */(var a /* 0x502470 */ : int /* 0 */, var a /* 0x5017a0 */ : string /* 0 */) : int /* 0 */ = 
        a /* 0x5017a0 */
      
    in
      (5)
    end; ())
test-bind: src/bind/test-bind.cc:44: int main(): Assertion `!bound("let function f(a : int, a : string) : int = a in " " 5 " "end")' failed.
FAIL src/bind/test-bind (exit status: 134)

