=====================================================
   LRE Tiger Compiler 1.95.a: tests/test-suite.log
=====================================================

# TOTAL: 72
# PASS:  0
# SKIP:  0
# XFAIL: 0
# FAIL:  72
# XPASS: 0
# ERROR: 0

.. contents:: :depth: 2

FAIL: good/array-of-alias.tig
=============================

FAIL good/array-of-alias.tig (exit status: 1)

FAIL: good/array.tig
====================

FAIL good/array.tig (exit status: 1)

FAIL: good/break-in-while.tig
=============================

FAIL good/break-in-while.tig (exit status: 1)

FAIL: good/comments-nested.tig
==============================

FAIL good/comments-nested.tig (exit status: 1)

FAIL: good/compare-record-and-nil.tig
=====================================

FAIL good/compare-record-and-nil.tig (exit status: 1)

FAIL: good/fact.tig
===================

FAIL good/fact.tig (exit status: 1)

FAIL: good/for-in-let.tig
=========================

FAIL good/for-in-let.tig (exit status: 1)

FAIL: good/fun-vs-var.tig
=========================

FAIL good/fun-vs-var.tig (exit status: 1)

FAIL: good/if.tig
=================

FAIL good/if.tig (exit status: 1)

FAIL: good/local-vs-global-type.tig
===================================

FAIL good/local-vs-global-type.tig (exit status: 1)

FAIL: good/merge.tig
====================

FAIL good/merge.tig (exit status: 1)

FAIL: good/mutually-recursive-functions.tig
===========================================

FAIL good/mutually-recursive-functions.tig (exit status: 1)

FAIL: good/mutually-recursive-procedures.tig
============================================

FAIL good/mutually-recursive-procedures.tig (exit status: 1)

FAIL: good/perso_array.tig
==========================

FAIL good/perso_array.tig (exit status: 1)

FAIL: good/perso_nested_let.tig
===============================

FAIL good/perso_nested_let.tig (exit status: 1)

FAIL: good/perso_over.tig
=========================

FAIL good/perso_over.tig (exit status: 1)

FAIL: good/queens.tig
=====================

FAIL good/queens.tig (exit status: 1)

FAIL: good/record.tig
=====================

FAIL good/record.tig (exit status: 1)

FAIL: good/recursive-types.tig
==============================

FAIL good/recursive-types.tig (exit status: 1)

FAIL: good/shadowing-functions.tig
==================================

FAIL good/shadowing-functions.tig (exit status: 1)

FAIL: good/shadowing-types-separate.tig
=======================================

FAIL good/shadowing-types-separate.tig (exit status: 1)

FAIL: good/test30.tig
=====================

FAIL good/test30.tig (exit status: 1)

FAIL: good/test37.tig
=====================

FAIL good/test37.tig (exit status: 1)

FAIL: good/test42.tig
=====================

FAIL good/test42.tig (exit status: 1)

FAIL: good/test44.tig
=====================

FAIL good/test44.tig (exit status: 1)

FAIL: good/test64.tig
=====================

FAIL good/test64.tig (exit status: 1)

FAIL: good/three-name-spaces.tig
================================

FAIL good/three-name-spaces.tig (exit status: 1)

FAIL: minimal/add.tig
=====================

FAIL minimal/add.tig (exit status: 1)

FAIL: minimal/concat.tig
========================

FAIL minimal/concat.tig (exit status: 1)

FAIL: minimal/declare-my-variable-hard.tig
==========================================

FAIL minimal/declare-my-variable-hard.tig (exit status: 1)

FAIL: minimal/hello-tigrou.tig
==============================

FAIL minimal/hello-tigrou.tig (exit status: 1)

FAIL: minimal/test27.tig
========================

FAIL minimal/test27.tig (exit status: 1)

FAIL: syntax/perso_bad_assigne.tig
==================================

FAIL syntax/perso_bad_assigne.tig (exit status: 1)

FAIL: syntax/perso_bad_let.tig
==============================

FAIL syntax/perso_bad_let.tig (exit status: 1)

FAIL: syntax/perso_bad_var.tig
==============================

FAIL syntax/perso_bad_var.tig (exit status: 1)

FAIL: syntax/perso_lexic_commentary.tig
=======================================

FAIL syntax/perso_lexic_commentary.tig (exit status: 1)

FAIL: syntax/perso_lexic_dollar.tig
===================================

FAIL syntax/perso_lexic_dollar.tig (exit status: 1)

FAIL: syntax/perso_lexic_unclosed.tig
=====================================

FAIL syntax/perso_lexic_unclosed.tig (exit status: 1)

FAIL: syntax/typeid.tig
=======================

FAIL syntax/typeid.tig (exit status: 1)

FAIL: bind/break-outside-loop.tig
=================================

FAIL bind/break-outside-loop.tig (exit status: 1)

FAIL: bind/invalid-function-redefinition-1.tig
==============================================

FAIL bind/invalid-function-redefinition-1.tig (exit status: 1)

FAIL: bind/invalid-type-redefinition.tig
========================================

FAIL bind/invalid-type-redefinition.tig (exit status: 1)

FAIL: bind/test17.tig
=====================

FAIL bind/test17.tig (exit status: 1)

FAIL: bind/test18.tig
=====================

FAIL bind/test18.tig (exit status: 1)

FAIL: bind/test19.tig
=====================

FAIL bind/test19.tig (exit status: 1)

FAIL: bind/undeclared-variable.tig
==================================

FAIL bind/undeclared-variable.tig (exit status: 1)

FAIL: bind/unknown-record.tig
=============================

FAIL bind/unknown-record.tig (exit status: 1)

FAIL: type/assign-loop-var.tig
==============================

FAIL type/assign-loop-var.tig (exit status: 1)

FAIL: type/field-in-not-record.tig
==================================

FAIL type/field-in-not-record.tig (exit status: 1)

FAIL: type/funarg-type-mismatch.tig
===================================

FAIL type/funarg-type-mismatch.tig (exit status: 1)

FAIL: type/missing-arg.tig
==========================

FAIL type/missing-arg.tig (exit status: 1)

FAIL: type/nil-equal-nil.tig
============================

FAIL type/nil-equal-nil.tig (exit status: 1)

FAIL: type/test09.tig
=====================

FAIL type/test09.tig (exit status: 1)

FAIL: type/test10.tig
=====================

FAIL type/test10.tig (exit status: 1)

FAIL: type/test11.tig
=====================

FAIL type/test11.tig (exit status: 1)

FAIL: type/test13.tig
=====================

FAIL type/test13.tig (exit status: 1)

FAIL: type/test14.tig
=====================

FAIL type/test14.tig (exit status: 1)

FAIL: type/test15.tig
=====================

FAIL type/test15.tig (exit status: 1)

FAIL: type/test21.tig
=====================

FAIL type/test21.tig (exit status: 1)

FAIL: type/test22.tig
=====================

FAIL type/test22.tig (exit status: 1)

FAIL: type/test23.tig
=====================

FAIL type/test23.tig (exit status: 1)

FAIL: type/test24.tig
=====================

FAIL type/test24.tig (exit status: 1)

FAIL: type/test26.tig
=====================

FAIL type/test26.tig (exit status: 1)

FAIL: type/test28.tig
=====================

FAIL type/test28.tig (exit status: 1)

FAIL: type/test29.tig
=====================

FAIL type/test29.tig (exit status: 1)

FAIL: type/test31.tig
=====================

FAIL type/test31.tig (exit status: 1)

FAIL: type/test32.tig
=====================

FAIL type/test32.tig (exit status: 1)

FAIL: type/test40.tig
=====================

FAIL type/test40.tig (exit status: 1)

FAIL: type/test43.tig
=====================

FAIL type/test43.tig (exit status: 1)

FAIL: type/too-many-args.tig
============================

FAIL type/too-many-args.tig (exit status: 1)

FAIL: type/types-endless-recursion.tig
======================================

FAIL type/types-endless-recursion.tig (exit status: 1)

FAIL: type/unconstrained-nil.tig
================================

FAIL type/unconstrained-nil.tig (exit status: 1)

